// Jest Snapshot v1, https://goo.gl/fbAQLP

exports[`should render 1`] = `
<DocumentFragment>
  <button
    type="button"
  >
    Boop
  </button>
</DocumentFragment>
`;
